ssh bandit3@bandit.labs.overthewire.org -p 2220

bandit3@bandit:~$ ls
inhere
bandit3@bandit:~$ cd inheare
-bash: cd: inheare: No such file or directory
bandit3@bandit:~$ cd /inhere
-bash: cd: /inhere: No such file or directory
bandit3@bandit:~$ cd inhere/
bandit3@bandit:~/inhere$ ls
bandit3@bandit:~/inhere$ -a
-a: command not found
bandit3@bandit:~/inhere$ ls-a
ls-a: command not found
bandit3@bandit:~/inhere$ ls -a
.  ..  .hidden
bandit3@bandit:~/inhere$ cat .hidden
2EW7BBsr6aMMoJ2HjW067dm8EgX26xNe
bandit3@bandit:~/inhere$ exit
logout
Connection to bandit.labs.overthewire.org closed.
                                                    
